// Jest Snapshot v1, https://goo.gl/fbAQLP

exports[`App shows the list of offices after loading 1`] = `
<List
  items={
    Array [
      "Villena",
      "Madrid",
      "San Francisco",
      "Vancouver",
      "Nashville",
    ]
  }
>
  <ul>
    <li
      key="0"
    >
      VILLENA
    </li>
    <li
      key="1"
    >
      madrid
    </li>
    <li
      key="2"
    >
      SAN FRANCISCO
    </li>
    <li
      key="3"
    >
      vancouver
    </li>
    <li
      key="4"
    >
      NASHVILLE
    </li>
  </ul>
</List>
`;
